Load Map - Mon Feb 29 12:06:45 MST 2016

Main class:       SimpleBot
Classes:          60
Interfaces:       5
Methods:          144
Constants:        89
Instance fields:  89
Static fields:    24
Static data size: 113
Code size:        7689
Start address:    8000
End address:      9e08

80ee 80ef java.lang.Object.<init>()
80f4 8107 java.lang.Object.getClass()
8111 8125 java.lang.Object.clone()
812f 8153 java.lang.Object.toString()
823a 824b java.lang.Thread.run()
8250 8256 java.lang.Thread.setName(java.lang.String)
825a 8285 java.lang.Thread.sleep(long)
8289 828e java.lang.Thread.<clinit>()
829c 82a2 java.lang.Thread.<init>()
82a6 82be java.lang.Thread.<init>(java.lang.Runnable)
82c7 82e6 java.lang.Thread.<init>(java.lang.Runnable, java.lang.String)
82f0 8320 java.lang.Thread.toString()
8325 832a java.lang.Thread.getName()
8384 83c3 com.ridgesoft.intellibrain.StartupThread.run()
840f 8419 java.lang.String.createString(byte[])
841d 842c java.lang.String.<init>(byte[], int)
8430 8441 java.lang.String.<init>()
8445 845a java.lang.String.<init>(byte[])
845f 846a java.lang.String.getBytes()
846f 8475 java.lang.String.length()
847a 849c java.lang.String.getBytes(int, int, byte[], int)
84a0 84d0 java.lang.String.<init>(char[], int, int)
84d4 84fe java.lang.String.<init>(byte[], int, int)
8502 8507 java.lang.String.valueOf(java.lang.Object)
850c 850e java.lang.String.toString()
85a2 86a0 java.lang.Throwable.vmThrow(int)
86ac 86d1 java.lang.Throwable.<init>()
86de 8783 java.lang.Throwable.printStackTrace()
8787 87ae java.lang.Throwable.<clinit>()
87b7 87bf java.lang.Throwable.init()
87cb 880d java.lang.Throwable.<init>(java.lang.String)
88b3 88bd java.lang.InternalError.<init>()
88c1 88cc java.lang.InternalError.<init>(java.lang.String)
88fb 8905 java.lang.OutOfMemoryError.<init>()
8909 8914 java.lang.OutOfMemoryError.<init>(java.lang.String)
8945 894f java.lang.StackOverflowError.<init>()
8953 895e java.lang.StackOverflowError.<init>(java.lang.String)
8dd1 8e06 SimpleBot.main(java.lang.String[])
8e0a 8e19 SimpleBot.<init>(com.ridgesoft.robotics.Motor, com.ridgesoft.robotics.Motor)
8e26 8ee1 SimpleBot.go()
8ee6 8efd SimpleBot.forward()
8f02 8f19 SimpleBot.backward()
8f1e 8f35 SimpleBot.left()
8f3a 8f51 SimpleBot.right()
8f56 8f6b SimpleBot.stop()
8f9f 8fb5 java.io.OutputStream.write(byte[])
8fbf 8fc0 java.io.OutputStream.flush()
8fc5 8fe3 java.io.OutputStream.write(byte[], int, int)
901e 9028 java.io.FilterOutputStream.<init>(java.io.OutputStream)
902d 9036 java.io.FilterOutputStream.write(byte[])
903b 9044 java.io.FilterOutputStream.write(int)
9049 9051 java.io.FilterOutputStream.flush()
9056 9061 java.io.FilterOutputStream.write(byte[], int, int)
9094 909f java.io.PrintStream.<init>(java.io.OutputStream)
90a4 90ae java.io.PrintStream.println(java.lang.String)
90bb 90d2 java.io.PrintStream.print(java.lang.String)
90df 90f9 java.io.PrintStream.println()
9133 9142 com.ridgesoft.io.OutputStreamTee.<init>(java.io.OutputStream, java.io.OutputStream)
9156 916f com.ridgesoft.io.OutputStreamTee.write(byte[])
9183 919c com.ridgesoft.io.OutputStreamTee.write(int)
91b0 91c7 com.ridgesoft.io.OutputStreamTee.flush()
91db 91f8 com.ridgesoft.io.OutputStreamTee.write(byte[], int, int)
9247 92aa com.ridgesoft.io.DisplayOutputStream.<init>(com.ridgesoft.io.Display)
92ae 92bb com.ridgesoft.io.DisplayOutputStream.<clinit>()
92c0 92c9 com.ridgesoft.io.DisplayOutputStream.write(byte[])
92ce 931b com.ridgesoft.io.DisplayOutputStream.write(int)
9320 934c com.ridgesoft.io.DisplayOutputStream.flush()
9351 935d com.ridgesoft.io.DisplayOutputStream.write(byte[], int, int)
9361 93df com.ridgesoft.io.DisplayOutputStream.scroll()
9429 9472 com.ridgesoft.vm.DebugOutputStream.write(int)
9477 9480 com.ridgesoft.vm.DebugOutputStream.write(byte[])
948d 94ae com.ridgesoft.vm.DebugOutputStream.flush()
94b2 94b7 com.ridgesoft.vm.DebugOutputStream.<clinit>()
94bc 94c8 com.ridgesoft.vm.DebugOutputStream.write(byte[], int, int)
94eb 94ef com.ridgesoft.vm.VM.getDebugOutputStream()
94fd 950c com.ridgesoft.vm.VM.<clinit>()
954d 9564 com.ridgesoft.intellibrain.IntelliBrain.getOutputStream()
9568 95ab com.ridgesoft.intellibrain.IntelliBrain.getServo(int)
95af 95c3 com.ridgesoft.intellibrain.IntelliBrain.getLcdDisplay()
95c7 95db com.ridgesoft.intellibrain.IntelliBrain.getCom1()
95df 95e6 com.ridgesoft.intellibrain.IntelliBrain.<clinit>()
95f2 9698 com.ridgesoft.intellibrain.IntelliBrain.initialize()
96c9 96ce java.lang.System.setOut(java.io.PrintStream)
96d2 96d7 java.lang.System.setErr(java.io.PrintStream)
9745 9764 com.ridgesoft.robotics.ContinuousRotationServo.<init>(com.ridgesoft.robotics.Servo, boolean)
9769 97e6 com.ridgesoft.robotics.ContinuousRotationServo.setPower(int)
981c 9821 java.lang.Class.getName()
9825 982f java.lang.Class.<init>(java.lang.String)
9881 989c java.lang.StringBuilder.<init>(java.lang.String)
98a1 98ca java.lang.StringBuilder.append(java.lang.String)
98cf 98e0 java.lang.StringBuilder.toString()
98e5 991e java.lang.StringBuilder.ensureCapacity(int)
9923 997e java.lang.StringBuilder.append(int)
9983 99b0 java.lang.StringBuilder.append(char[], int, int)
99b4 99c6 java.lang.StringBuilder.<init>()
99ed 9a31 java.lang.Integer.toHexString(int)
9a36 9a3e java.lang.Integer.toString()
9a42 9a51 java.lang.Integer.toString(int)
9a8d 9a98 com.ridgesoft.intellibrain.IntelliBrainServo.<init>(int)
9a9d 9aa6 com.ridgesoft.intellibrain.IntelliBrainServo.off()
9aab 9ab4 com.ridgesoft.intellibrain.IntelliBrainServo.setPosition(int)
9b2e 9b33 javax.comm.CommPort.toString()
9ba5 9bc3 com.ridgesoft.intellibrain.IntelliBrainCom1.<init>()
9bc8 9bf9 com.ridgesoft.intellibrain.IntelliBrainCom1.setSerialPortParams(int, int, int, int)
9bfe 9c13 com.ridgesoft.intellibrain.IntelliBrainCom1.getInputStream()
9c53 9c5d com.ridgesoft.io.Display.print(int, java.lang.String)
9c62 9c67 com.ridgesoft.io.Display.getWidth()
9c6c 9c71 com.ridgesoft.io.Display.getHeight()
9c76 9caa com.ridgesoft.io.Display.print(int, byte[])
9cae 9cbf com.ridgesoft.io.Display.<init>(int, int)
9cf9 9d01 com.ridgesoft.intellibrain.IntelliBrainDisplay.<init>()
9d06 9d0d com.ridgesoft.intellibrain.IntelliBrainDisplay.printChar(int, int, byte)
9d7d 9d82 com.ridgesoft.intellibrain.IntelliBrainCom1$Com1InputStream.<init>(com.ridgesoft.intellibrain.IntelliBrainCom1$Com1InputStream)
9d87 9da0 com.ridgesoft.intellibrain.IntelliBrainCom1$Com1InputStream.read()
9dad 9dda com.ridgesoft.intellibrain.IntelliBrainCom1$Com1InputStream.read(byte[], int, int)
